// Jest Snapshot v1, https://goo.gl/fbAQLP

exports[`BooleanInput should render a BooleanInput 1`] = `
[
  <Text
    style={
      {
        "color": "#1F2532",
        "fontFamily": "IBMPlexSans-SemiBold",
        "fontSize": 33.75,
        "lineHeight": 43.125,
        "marginBottom": 5,
        "marginTop": 5,
      }
    }
  >
    booleanInput
  </Text>,
  <View
    accessibilityRole="checkbox"
    accessibilityState={
      {
        "checked": false,
      }
    }
    accessible={true}
    collapsable={false}
    focusable={true}
    onClick={[Function]}
    onResponderGrant={[Function]}
    onResponderMove={[Function]}
    onResponderRelease={[Function]}
    onResponderTerminate={[Function]}
    onResponderTerminationRequest={[Function]}
    onStartShouldSetResponder={[Function]}
    style={
      {
        "backgroundColor": "transparent",
        "borderColor": "transparent",
        "borderRadius": 3,
        "borderWidth": 1,
        "margin": 0,
        "marginLeft": 0,
        "marginRight": 10,
        "opacity": 1,
        "padding": 10,
        "paddingLeft": 0,
        "paddingRight": 0,
      }
    }
    testID="BooleanInput.true"
  >
    <View
      style={
        {
          "alignItems": "center",
          "flexDirection": "row",
        }
      }
    >
      <Text
        allowFontScaling={false}
        selectable={false}
        style={
          [
            {
              "color": "#919191",
              "fontSize": 24,
            },
            {
              "minWidth": 24,
            },
            {
              "fontFamily": "FontAwesome",
              "fontStyle": "normal",
              "fontWeight": "normal",
            },
            {},
          ]
        }
      >
        
      </Text>
      <Text
        style={
          {
            "color": "#1F2532",
            "fontFamily": "IBMPlexSans-SemiBold",
            "fontSize": 26.25,
            "fontWeight": "bold",
            "lineHeight": 35.625,
            "margin": 0,
            "marginLeft": 10,
            "marginRight": 10,
            "padding": 0,
          }
        }
        testID="checkboxTitle"
      >
        Yes
      </Text>
    </View>
  </View>,
  <View
    accessibilityRole="checkbox"
    accessibilityState={
      {
        "checked": false,
      }
    }
    accessible={true}
    collapsable={false}
    focusable={true}
    onClick={[Function]}
    onResponderGrant={[Function]}
    onResponderMove={[Function]}
    onResponderRelease={[Function]}
    onResponderTerminate={[Function]}
    onResponderTerminationRequest={[Function]}
    onStartShouldSetResponder={[Function]}
    style={
      {
        "backgroundColor": "transparent",
        "borderColor": "transparent",
        "borderRadius": 3,
        "borderWidth": 1,
        "margin": 0,
        "marginLeft": 0,
        "marginRight": 10,
        "opacity": 1,
        "padding": 10,
        "paddingLeft": 0,
        "paddingRight": 0,
      }
    }
    testID="BooleanInput.false"
  >
    <View
      style={
        {
          "alignItems": "center",
          "flexDirection": "row",
        }
      }
    >
      <Text
        allowFontScaling={false}
        selectable={false}
        style={
          [
            {
              "color": "#919191",
              "fontSize": 24,
            },
            {
              "minWidth": 24,
            },
            {
              "fontFamily": "FontAwesome",
              "fontStyle": "normal",
              "fontWeight": "normal",
            },
            {},
          ]
        }
      >
        
      </Text>
      <Text
        style={
          {
            "color": "#1F2532",
            "fontFamily": "IBMPlexSans-SemiBold",
            "fontSize": 26.25,
            "fontWeight": "bold",
            "lineHeight": 35.625,
            "margin": 0,
            "marginLeft": 10,
            "marginRight": 10,
            "padding": 0,
          }
        }
        testID="checkboxTitle"
      >
        No
      </Text>
    </View>
  </View>,
]
`;
