// Jest Snapshot v1, https://goo.gl/fbAQLP

exports[`LoginScreen should render the login screen 1`] = `
<View
  style={
    Object {
      "backgroundColor": "#F8F9FA",
      "height": "100%",
    }
  }
  testID="LoginScreen"
>
  <View
    accessibilityIgnoresInvertColors={true}
    style={
      Object {
        "backgroundColor": "#F8F9FA",
        "flexDirection": "column",
        "height": 354.06976744186045,
        "paddingTop": 30,
        "width": "100%",
      }
    }
  >
    <Image
      resizeMode="cover"
      source={
        Object {
          "process": [Function],
        }
      }
      style={
        Array [
          Object {
            "bottom": 0,
            "left": 0,
            "position": "absolute",
            "right": 0,
            "top": 0,
          },
          Object {
            "height": 354.06976744186045,
            "width": "100%",
          },
          undefined,
        ]
      }
    />
    <View
      style={
        Object {
          "alignItems": "center",
          "alignSelf": "center",
          "flexDirection": "row",
          "justifyContent": "space-between",
          "marginVertical": 20,
          "width": "90%",
        }
      }
    >
      <View
        style={
          Object {
            "overflow": "hidden",
          }
        }
      >
        <View
          accessibilityHint="Jumps to previous page."
          accessibilityLabel="back"
          accessibilityRole="button"
          accessibilityState={
            Object {
              "disabled": false,
            }
          }
          accessible={true}
          focusable={true}
          onClick={[Function]}
          onResponderGrant={[Function]}
          onResponderMove={[Function]}
          onResponderRelease={[Function]}
          onResponderTerminate={[Function]}
          onResponderTerminationRequest={[Function]}
          onStartShouldSetResponder={[Function]}
          testID="banner_back_btn"
        >
          <View
            style={
              Object {
                "alignItems": "center",
                "backgroundColor": "transparent",
                "justifyContent": "center",
              }
            }
          >
            <Text
              allowFontScaling={false}
              selectable={false}
              style={
                Array [
                  Object {
                    "color": "#EB576A",
                    "fontSize": 48.83720930232558,
                  },
                  Object {
                    "backgroundColor": "transparent",
                  },
                  Object {
                    "fontFamily": "Material Design Icons",
                    "fontStyle": "normal",
                    "fontWeight": "normal",
                  },
                  Object {},
                ]
              }
              testID="iconIcon"
            >
              Û∞Åç
            </Text>
          </View>
        </View>
      </View>
      <View
        style={
          Object {
            "alignItems": "center",
          }
        }
      >
        <Text
          accessibilityRole="header"
          numberOfLines={1}
          style={
            Object {
              "color": "#1F2532",
              "fontFamily": "IBMPlexSans-SemiBold",
              "fontSize": 33.75,
              "lineHeight": 43.125,
            }
          }
        >
          Login
        </Text>
      </View>
      <View
        style={
          Object {
            "height": 26,
            "width": 26,
          }
        }
      />
    </View>
    <View
      style={
        Object {
          "flex": 1,
          "flexDirection": "column",
          "justifyContent": "center",
        }
      }
    >
      <Image
        resizeMode="contain"
        source={
          Object {
            "process": [Function],
          }
        }
        style={
          Object {
            "alignSelf": "center",
            "bottom": 13.081395348837209,
            "maxHeight": 308.781773931855,
            "maxWidth": 650,
            "position": "relative",
          }
        }
      />
    </View>
  </View>
  <View
    style={
      Object {
        "backgroundColor": "#F8F9FA",
        "flex": 1,
        "height": "100%",
      }
    }
  >
    <View
      onLayout={[Function]}
      style={
        Object {
          "flex": 1,
          "flexDirection": "column",
          "width": "100%",
        }
      }
    >
      <RCTScrollView
        contentContainerStyle={
          Object {
            "flexGrow": 1,
          }
        }
        enableOnAndroid={true}
        onScroll={[Function]}
        scrollEventThrottle={16}
        style={
          Object {
            "flex": 1,
            "flexDirection": "column",
            "width": "100%",
          }
        }
      >
        <View>
          <View
            style={
              Object {
                "backgroundColor": "#F8F9FA",
                "height": "100%",
              }
            }
          >
            <View
              style={
                Object {
                  "backgroundColor": "#F8F9FA",
                  "flex": 1,
                  "height": "100%",
                }
              }
            >
              <View
                testID="scannerWrapper"
              >
                <View
                  style={
                    Array [
                      Object {
                        "flex": 1,
                      },
                      Object {
                        "height": 750,
                        "marginTop": 0,
                        "width": "100%",
                      },
                    ]
                  }
                >
                  <View
                    style={
                      Array [
                        Object {
                          "alignItems": "center",
                          "flex": 2,
                          "justifyContent": "center",
                          "width": 750,
                        },
                        undefined,
                      ]
                    }
                  />
                  <View>
                    <View
                      style={
                        Object {
                          "alignItems": "center",
                          "flex": 1,
                          "justifyContent": "center",
                        }
                      }
                    >
                      <Text
                        style={
                          Object {
                            "fontSize": 16,
                            "textAlign": "center",
                          }
                        }
                      >
                        ...
                      </Text>
                    </View>
                  </View>
                  <View
                    style={
                      Array [
                        Object {
                          "alignItems": "center",
                          "flex": 2,
                          "justifyContent": "center",
                          "width": 750,
                        },
                        undefined,
                      ]
                    }
                  />
                </View>
              </View>
              <Text
                style={
                  Object {
                    "alignSelf": "center",
                    "color": "#1F2532",
                    "fontFamily": "IBMPlexSans",
                    "fontSize": 30,
                    "lineHeight": 39.375,
                    "marginBottom": 0,
                    "marginLeft": 122.09302325581395,
                    "marginRight": 122.09302325581395,
                    "marginTop": 52.325581395348834,
                    "textAlign": "center",
                  }
                }
              >
                Please point the camera onto the qr-code.
              </Text>
            </View>
          </View>
        </View>
      </RCTScrollView>
    </View>
  </View>
</View>
`;
