// Jest Snapshot v1, https://goo.gl/fbAQLP

exports[`SHARED COMPONENTS: <Banner /> can be rendered 1`] = `
<View
  style={
    Object {
      "alignContent": "stretch",
      "alignItems": "stretch",
      "backgroundColor": "#F8F9FA",
      "flexDirection": "column",
      "height": 354.06976744186045,
      "justifyContent": "flex-start",
      "overflow": "hidden",
      "paddingTop": 30,
      "width": "100%",
    }
  }
>
  <View
    style={
      Object {
        "alignItems": "flex-start",
        "flexDirection": "row",
        "flexWrap": "wrap",
        "justifyContent": "space-between",
        "paddingTop": 10,
        "width": "100%",
        "zIndex": 2,
      }
    }
  >
    <View
      style={
        Object {
          "alignItems": "center",
          "flexDirection": "row",
          "flexWrap": "wrap",
          "justifyContent": "flex-end",
          "marginLeft": 15,
          "marginRight": 15,
          "textAlign": "center",
        }
      }
    >
      <Text
        accessibilityRole="header"
        numberOfLines={1}
        style={
          Object {
            "alignContent": "center",
            "alignSelf": "center",
            "color": "#1F2532",
            "flex": 1,
            "fontFamily": "IBMPlexSans-SemiBold",
            "fontSize": 33.75,
            "lineHeight": 43.125,
            "textAlign": "center",
            "width": "100%",
          }
        }
      />
      <View
        style={
          Array [
            Object {
              "borderRadius": 3,
              "overflow": "hidden",
            },
            Object {
              "borderRadius": 3,
            },
            undefined,
            false,
          ]
        }
      >
        <View
          accessibilityHint="Opens new page with additional informations and links."
          accessibilityLabel="Additional Information"
          accessibilityRole="button"
          accessibilityState={
            Object {
              "busy": false,
              "disabled": false,
            }
          }
          accessible={true}
          focusable={true}
          onClick={[Function]}
          onResponderGrant={[Function]}
          onResponderMove={[Function]}
          onResponderRelease={[Function]}
          onResponderTerminate={[Function]}
          onResponderTerminationRequest={[Function]}
          onStartShouldSetResponder={[Function]}
          style={
            Object {
              "height": 44,
              "opacity": 1,
              "width": 104.65116279069767,
            }
          }
        >
          <View
            style={
              Object {
                "alignItems": "center",
                "backgroundColor": "transparent",
                "borderColor": "#2089dc",
                "borderRadius": 3,
                "borderWidth": 0,
                "flexDirection": "row",
                "justifyContent": "center",
                "padding": 8,
              }
            }
          >
            <View
              style={
                Object {
                  "overflow": "hidden",
                }
              }
            >
              <View>
                <View
                  style={
                    Object {
                      "alignItems": "center",
                      "backgroundColor": "transparent",
                      "justifyContent": "center",
                    }
                  }
                >
                  <Text
                    allowFontScaling={false}
                    style={
                      Array [
                        Object {
                          "color": "#EB576A",
                          "fontSize": 48.83720930232558,
                        },
                        Object {
                          "backgroundColor": "transparent",
                        },
                        Object {
                          "fontFamily": "Material Design Icons",
                          "fontStyle": "normal",
                          "fontWeight": "normal",
                        },
                        Object {},
                      ]
                    }
                    testID="iconIcon"
                  >
                    Û∞çú
                  </Text>
                </View>
              </View>
            </View>
          </View>
        </View>
      </View>
      <Text
        accessibilityRole="header"
        numberOfLines={1}
        style={
          Object {
            "alignSelf": "center",
            "color": "#1F2532",
            "fontFamily": "IBMPlexSans",
            "fontSize": 30,
            "lineHeight": 39.375,
            "marginBottom": 8.720930232558139,
            "marginTop": -26.162790697674417,
            "position": "relative",
            "textAlign": "center",
            "width": "100%",
          }
        }
      />
    </View>
  </View>
  <View
    style={
      Object {
        "flex": 1,
        "flexDirection": "column",
        "justifyContent": "flex-end",
        "left": 0,
        "position": "absolute",
        "top": 0,
      }
    }
  >
    <Image
      resizeMode="cover"
      source={
        Object {
          "process": [Function],
        }
      }
      style={
        Object {
          "height": 354.06976744186045,
          "width": 750,
        }
      }
    />
  </View>
  <View
    style={
      Object {
        "flex": 1,
        "flexDirection": "column",
        "justifyContent": "flex-end",
      }
    }
  >
    <Image
      resizeMode="contain"
      source={
        Object {
          "process": [Function],
        }
      }
      style={
        Object {
          "alignSelf": "center",
          "bottom": 18.313953488372093,
          "maxHeight": 432.29448350459705,
          "maxWidth": 650,
          "position": "relative",
        }
      }
    />
  </View>
</View>
`;

exports[`SHARED COMPONENTS: <Progressbar /> can be rendered 1`] = `
<View
  style={
    Object {
      "alignSelf": "center",
      "backgroundColor": "#DADADA",
      "borderRadius": 2.5,
      "height": 5,
      "marginHorizontal": 5,
      "width": "95%",
    }
  }
>
  <View
    style={
      Object {
        "backgroundColor": "#1F2532",
        "borderRadius": 2.5,
        "height": 5,
        "width": "NaN%",
      }
    }
  />
</View>
`;

exports[`SHARED COMPONENTS: <QuestionnaireModal /> can be rendered 1`] = `<View />`;

exports[`SHARED COMPONENTS: <RedirectModal /> can be rendered 1`] = `
<Modal
  animationType="none"
  deviceHeight={null}
  deviceWidth={null}
  hardwareAccelerated={false}
  hideModalContentWhileAnimating={false}
  onBackdropPress={[Function]}
  onModalHide={[Function]}
  onModalWillHide={[Function]}
  onModalWillShow={[Function]}
  onRequestClose={[Function]}
  onSwipeComplete={[Function]}
  panResponderThreshold={4}
  scrollHorizontal={false}
  scrollOffset={0}
  scrollOffsetMax={50}
  scrollTo={[Function]}
  statusBarTranslucent={false}
  supportedOrientations={
    Array [
      "portrait",
      "landscape",
    ]
  }
  swipeThreshold={100}
  transparent={true}
  visible={false}
>
  <View
    accessible={true}
    focusable={true}
    forwardedRef={[Function]}
    onClick={[Function]}
    onResponderGrant={[Function]}
    onResponderMove={[Function]}
    onResponderRelease={[Function]}
    onResponderTerminate={[Function]}
    onResponderTerminationRequest={[Function]}
    onStartShouldSetResponder={[Function]}
    style={
      Object {
        "backgroundColor": "black",
        "bottom": 0,
        "height": 1334,
        "left": 0,
        "opacity": 0,
        "position": "absolute",
        "right": 0,
        "top": 0,
        "width": 750,
      }
    }
  />
  <View
    onLayout={[Function]}
    pointerEvents="box-none"
    style={
      Array [
        Array [
          Object {
            "margin": 37.5,
            "transform": Array [
              Object {
                "translateY": 0,
              },
            ],
          },
          Object {
            "flex": 1,
            "justifyContent": "center",
          },
          Object {
            "borderColor": "#F8F9FA",
            "borderRadius": 10,
            "justifyContent": "flex-end",
            "marginBottom": 0,
            "marginLeft": 0,
            "marginRight": 0,
            "marginTop": 80,
          },
          Object {
            "margin": 0,
          },
        ],
        Object {
          "paddingBottom": 0,
        },
      ]
    }
  >
    <View
      deviceHeight={null}
      deviceWidth={null}
      forwardedRef={[Function]}
      hideModalContentWhileAnimating={false}
      onBackdropPress={[Function]}
      onModalHide={[Function]}
      onModalWillHide={[Function]}
      onModalWillShow={[Function]}
      onSwipeComplete={[Function]}
      panResponderThreshold={4}
      pointerEvents="box-none"
      scrollHorizontal={false}
      scrollOffset={0}
      scrollOffsetMax={50}
      scrollTo={[Function]}
      statusBarTranslucent={false}
      style={
        Object {
          "borderColor": "#F8F9FA",
          "borderRadius": 10,
          "flex": 1,
          "justifyContent": "flex-end",
          "margin": 37.5,
          "marginBottom": 0,
          "marginLeft": 0,
          "marginRight": 0,
          "marginTop": 80,
          "transform": Array [
            Object {
              "translateY": 0,
            },
          ],
        }
      }
      supportedOrientations={
        Array [
          "portrait",
          "landscape",
        ]
      }
      swipeThreshold={100}
    >
      <View
        style={
          Object {
            "backgroundColor": "#F8F9FA",
            "borderColor": "#F8F9FA",
            "borderTopLeftRadius": 10,
            "borderTopRightRadius": 10,
            "height": "auto",
            "maxHeight": "90%",
            "paddingLeft": 20,
            "paddingRight": 20,
          }
        }
      >
        <RCTScrollView
          onScroll={[Function]}
          scrollEventThrottle={16}
        >
          <View>
            <View
              style={
                Object {
                  "paddingBottom": 20,
                  "paddingTop": 20,
                }
              }
            >
              <View
                style={
                  Object {
                    "borderBottomColor": "#F8F9FA",
                    "borderBottomWidth": 1,
                    "marginBottom": 10,
                  }
                }
              >
                <Text
                  style={
                    Object {
                      "color": "#1F2532",
                      "fontFamily": "IBMPlexSans-SemiBold",
                      "fontSize": 45,
                      "lineHeight": 54.375,
                      "marginBottom": 5,
                    }
                  }
                >
                  test-string
                </Text>
              </View>
              <Text
                style={
                  Object {
                    "color": "#1F2532",
                    "fontFamily": "IBMPlexSans",
                    "fontSize": 28.125,
                    "lineHeight": 37.5,
                  }
                }
              />
            </View>
          </View>
        </RCTScrollView>
      </View>
      <View
        style={
          Object {
            "backgroundColor": "#DADADA",
            "height": 1,
          }
        }
      />
      <View
        style={
          Object {
            "alignItems": "center",
            "backgroundColor": "#F8F9FA",
            "flexDirection": "row",
            "flexWrap": "nowrap",
            "justifyContent": "space-between",
          }
        }
      >
        <View
          style={
            Object {
              "height": "auto",
              "margin": 10,
              "width": 44,
            }
          }
        />
        <View
          style={
            Array [
              Object {
                "borderRadius": 3,
                "overflow": "hidden",
              },
              Object {
                "borderRadius": 3,
              },
              undefined,
              false,
            ]
          }
        >
          <View
            accessibilityHint="Switches to default browser application, and opens link there."
            accessibilityLabel="accept"
            accessibilityRole="button"
            accessibilityState={
              Object {
                "busy": false,
                "disabled": false,
              }
            }
            accessible={true}
            focusable={true}
            onClick={[Function]}
            onResponderGrant={[Function]}
            onResponderMove={[Function]}
            onResponderRelease={[Function]}
            onResponderTerminate={[Function]}
            onResponderTerminationRequest={[Function]}
            onStartShouldSetResponder={[Function]}
            style={
              Object {
                "opacity": 1,
              }
            }
          >
            <View
              style={
                Object {
                  "alignItems": "center",
                  "backgroundColor": "transparent",
                  "borderColor": "#2089dc",
                  "borderRadius": 3,
                  "borderWidth": 0,
                  "flexDirection": "row",
                  "justifyContent": "center",
                  "padding": 8,
                }
              }
            >
              <View
                style={
                  Object {
                    "borderRadius": 28,
                    "height": 52,
                    "margin": 7,
                    "overflow": "hidden",
                    "width": 52,
                  }
                }
              >
                <View>
                  <View
                    style={
                      Object {
                        "alignItems": "center",
                        "backgroundColor": "#1F2532",
                        "borderRadius": 28,
                        "height": 52,
                        "justifyContent": "center",
                        "width": 52,
                      }
                    }
                  >
                    <Text
                      allowFontScaling={false}
                      style={
                        Array [
                          Object {
                            "color": "#ffffff",
                            "fontSize": 24,
                          },
                          Object {
                            "backgroundColor": "transparent",
                          },
                          Object {
                            "fontFamily": "Material Design Icons",
                            "fontStyle": "normal",
                            "fontWeight": "normal",
                          },
                          Object {},
                        ]
                      }
                      testID="iconIcon"
                    >
                      Û∞Ñ¨
                    </Text>
                  </View>
                </View>
              </View>
            </View>
          </View>
        </View>
        <View
          style={
            Object {
              "height": "auto",
              "margin": 10,
              "width": 44,
            }
          }
        />
      </View>
    </View>
  </View>
</Modal>
`;

exports[`SHARED COMPONENTS: <ScrollIndicatorWrapper /> can be rendered 1`] = `
<View
  onLayout={[Function]}
  style={
    Object {
      "flex": 1,
      "flexDirection": "column",
      "width": "100%",
    }
  }
>
  <RCTScrollView
    contentContainerStyle={
      Object {
        "flexGrow": 1,
      }
    }
    enableOnAndroid={true}
    innerRef={[Function]}
    onScroll={[Function]}
    style={
      Object {
        "flex": 1,
        "flexDirection": "column",
        "width": "100%",
      }
    }
  >
    <View />
  </RCTScrollView>
</View>
`;

exports[`SHARED COMPONENTS: <Spinner /> can be rendered 1`] = `
<Modal
  hardwareAccelerated={false}
  visible={true}
>
  <View
    style={
      Object {
        "backgroundColor": "#1F2532",
        "bottom": 0,
        "flex": 1,
        "left": 0,
        "position": "absolute",
        "right": 0,
        "top": 0,
      }
    }
  >
    <View
      style={
        Object {
          "alignItems": "center",
          "bottom": 0,
          "justifyContent": "center",
          "left": 0,
          "position": "absolute",
          "right": 0,
          "top": 0,
        }
      }
    >
      <ActivityIndicator
        animating={true}
        color="#EB576A"
        hidesWhenStopped={true}
        size="large"
        style={
          Object {
            "flex": 1,
          }
        }
      />
    </View>
  </View>
</Modal>
`;
