// Jest Snapshot v1, https://goo.gl/fbAQLP

exports[`choicesInput (CheckBoxes) should render a list of choices as checkboxes 1`] = `
Array [
  <Text
    accessibilityHint="Single Choice - only one answer option can be selected."
    style={
      Object {
        "color": "#1F2532",
        "fontFamily": "IBMPlexSans-SemiBold",
        "fontSize": 32.8125,
        "lineHeight": 42.1875,
        "marginBottom": 5,
        "marginLeft": 0,
        "marginTop": 5,
      }
    }
  />,
  <View
    accessibilityRole="checkbox"
    accessibilityState={
      Object {
        "checked": false,
      }
    }
    accessible={true}
    collapsable={false}
    focusable={true}
    nativeID="animatedComponent"
    onClick={[Function]}
    onResponderGrant={[Function]}
    onResponderMove={[Function]}
    onResponderRelease={[Function]}
    onResponderTerminate={[Function]}
    onResponderTerminationRequest={[Function]}
    onStartShouldSetResponder={[Function]}
    style={
      Object {
        "backgroundColor": "transparent",
        "borderColor": "transparent",
        "borderRadius": 3,
        "borderWidth": 1,
        "margin": 0,
        "marginLeft": 0,
        "marginRight": 10,
        "opacity": 1,
        "padding": 10,
        "paddingLeft": 0,
        "paddingRight": 0,
      }
    }
    testID="checkbox"
  >
    <View
      style={
        Object {
          "alignItems": "center",
          "flexDirection": "row",
        }
      }
    >
      <Text
        allowFontScaling={false}
        onPress={[Function]}
        style={
          Array [
            Object {
              "color": "#919191",
              "fontSize": 24,
            },
            Object {
              "minWidth": 24,
            },
            Object {
              "fontFamily": "FontAwesome",
              "fontStyle": "normal",
              "fontWeight": "normal",
            },
            Object {},
          ]
        }
      >
        
      </Text>
      <Text
        style={
          Object {
            "color": "#1F2532",
            "fontFamily": "IBMPlexSans-SemiBold",
            "fontSize": 26.25,
            "fontWeight": "bold",
            "lineHeight": 35.625,
            "margin": 0,
            "marginLeft": 10,
            "marginRight": 10,
            "padding": 0,
          }
        }
        testID="checkboxTitle"
      >
        Option A
      </Text>
    </View>
  </View>,
  <View
    accessibilityRole="checkbox"
    accessibilityState={
      Object {
        "checked": false,
      }
    }
    accessible={true}
    collapsable={false}
    focusable={true}
    nativeID="animatedComponent"
    onClick={[Function]}
    onResponderGrant={[Function]}
    onResponderMove={[Function]}
    onResponderRelease={[Function]}
    onResponderTerminate={[Function]}
    onResponderTerminationRequest={[Function]}
    onStartShouldSetResponder={[Function]}
    style={
      Object {
        "backgroundColor": "transparent",
        "borderColor": "transparent",
        "borderRadius": 3,
        "borderWidth": 1,
        "margin": 0,
        "marginLeft": 0,
        "marginRight": 10,
        "opacity": 1,
        "padding": 10,
        "paddingLeft": 0,
        "paddingRight": 0,
      }
    }
    testID="checkbox"
  >
    <View
      style={
        Object {
          "alignItems": "center",
          "flexDirection": "row",
        }
      }
    >
      <Text
        allowFontScaling={false}
        onPress={[Function]}
        style={
          Array [
            Object {
              "color": "#919191",
              "fontSize": 24,
            },
            Object {
              "minWidth": 24,
            },
            Object {
              "fontFamily": "FontAwesome",
              "fontStyle": "normal",
              "fontWeight": "normal",
            },
            Object {},
          ]
        }
      >
        
      </Text>
      <Text
        style={
          Object {
            "color": "#1F2532",
            "fontFamily": "IBMPlexSans-SemiBold",
            "fontSize": 26.25,
            "fontWeight": "bold",
            "lineHeight": 35.625,
            "margin": 0,
            "marginLeft": 10,
            "marginRight": 10,
            "padding": 0,
          }
        }
        testID="checkboxTitle"
      >
        Option B
      </Text>
    </View>
  </View>,
  <View
    accessibilityRole="checkbox"
    accessibilityState={
      Object {
        "checked": false,
      }
    }
    accessible={true}
    collapsable={false}
    focusable={true}
    nativeID="animatedComponent"
    onClick={[Function]}
    onResponderGrant={[Function]}
    onResponderMove={[Function]}
    onResponderRelease={[Function]}
    onResponderTerminate={[Function]}
    onResponderTerminationRequest={[Function]}
    onStartShouldSetResponder={[Function]}
    style={
      Object {
        "backgroundColor": "transparent",
        "borderColor": "transparent",
        "borderRadius": 3,
        "borderWidth": 1,
        "margin": 0,
        "marginLeft": 0,
        "marginRight": 10,
        "opacity": 1,
        "padding": 10,
        "paddingLeft": 0,
        "paddingRight": 0,
      }
    }
    testID="checkbox"
  >
    <View
      style={
        Object {
          "alignItems": "center",
          "flexDirection": "row",
        }
      }
    >
      <Text
        allowFontScaling={false}
        onPress={[Function]}
        style={
          Array [
            Object {
              "color": "#919191",
              "fontSize": 24,
            },
            Object {
              "minWidth": 24,
            },
            Object {
              "fontFamily": "FontAwesome",
              "fontStyle": "normal",
              "fontWeight": "normal",
            },
            Object {},
          ]
        }
      >
        
      </Text>
      <Text
        style={
          Object {
            "color": "#1F2532",
            "fontFamily": "IBMPlexSans-SemiBold",
            "fontSize": 26.25,
            "fontWeight": "bold",
            "lineHeight": 35.625,
            "margin": 0,
            "marginLeft": 10,
            "marginRight": 10,
            "padding": 0,
          }
        }
        testID="checkboxTitle"
      >
        Option C
      </Text>
    </View>
  </View>,
  <View
    accessibilityRole="checkbox"
    accessibilityState={
      Object {
        "checked": false,
      }
    }
    accessible={true}
    collapsable={false}
    focusable={true}
    nativeID="animatedComponent"
    onClick={[Function]}
    onResponderGrant={[Function]}
    onResponderMove={[Function]}
    onResponderRelease={[Function]}
    onResponderTerminate={[Function]}
    onResponderTerminationRequest={[Function]}
    onStartShouldSetResponder={[Function]}
    style={
      Object {
        "backgroundColor": "transparent",
        "borderColor": "transparent",
        "borderRadius": 3,
        "borderWidth": 1,
        "margin": 0,
        "marginLeft": 0,
        "marginRight": 10,
        "opacity": 1,
        "padding": 10,
        "paddingLeft": 0,
        "paddingRight": 0,
      }
    }
    testID="checkbox"
  >
    <View
      style={
        Object {
          "alignItems": "center",
          "flexDirection": "row",
        }
      }
    >
      <Text
        allowFontScaling={false}
        onPress={[Function]}
        style={
          Array [
            Object {
              "color": "#919191",
              "fontSize": 24,
            },
            Object {
              "minWidth": 24,
            },
            Object {
              "fontFamily": "FontAwesome",
              "fontStyle": "normal",
              "fontWeight": "normal",
            },
            Object {},
          ]
        }
      >
        
      </Text>
      <Text
        style={
          Object {
            "color": "#1F2532",
            "fontFamily": "IBMPlexSans-SemiBold",
            "fontSize": 26.25,
            "fontWeight": "bold",
            "lineHeight": 35.625,
            "margin": 0,
            "marginLeft": 10,
            "marginRight": 10,
            "padding": 0,
          }
        }
        testID="checkboxTitle"
      >
        Option D
      </Text>
    </View>
  </View>,
  <View
    accessibilityRole="checkbox"
    accessibilityState={
      Object {
        "checked": false,
      }
    }
    accessible={true}
    collapsable={false}
    focusable={true}
    nativeID="animatedComponent"
    onClick={[Function]}
    onResponderGrant={[Function]}
    onResponderMove={[Function]}
    onResponderRelease={[Function]}
    onResponderTerminate={[Function]}
    onResponderTerminationRequest={[Function]}
    onStartShouldSetResponder={[Function]}
    style={
      Object {
        "backgroundColor": "transparent",
        "borderColor": "transparent",
        "borderRadius": 3,
        "borderWidth": 1,
        "margin": 0,
        "marginLeft": 0,
        "marginRight": 10,
        "opacity": 1,
        "padding": 10,
        "paddingLeft": 0,
        "paddingRight": 0,
      }
    }
    testID="checkbox"
  >
    <View
      style={
        Object {
          "alignItems": "center",
          "flexDirection": "row",
        }
      }
    >
      <Text
        allowFontScaling={false}
        onPress={[Function]}
        style={
          Array [
            Object {
              "color": "#919191",
              "fontSize": 24,
            },
            Object {
              "minWidth": 24,
            },
            Object {
              "fontFamily": "FontAwesome",
              "fontStyle": "normal",
              "fontWeight": "normal",
            },
            Object {},
          ]
        }
      >
        
      </Text>
      <Text
        style={
          Object {
            "color": "#1F2532",
            "fontFamily": "IBMPlexSans-SemiBold",
            "fontSize": 26.25,
            "fontWeight": "bold",
            "lineHeight": 35.625,
            "margin": 0,
            "marginLeft": 10,
            "marginRight": 10,
            "padding": 0,
          }
        }
        testID="checkboxTitle"
      >
        Option E
      </Text>
    </View>
  </View>,
]
`;

exports[`choicesInput (DropDown) should render a list of choices as dropdown 1`] = `
Array [
  <Text
    accessibilityHint="Single Choice - only one answer option can be selected."
    style={
      Object {
        "color": "#1F2532",
        "fontFamily": "IBMPlexSans-SemiBold",
        "fontSize": 32.8125,
        "lineHeight": 42.1875,
        "marginBottom": 5,
        "marginLeft": 0,
        "marginTop": 5,
      }
    }
  />,
  <View>
    <RNCPicker
      items={
        Array [
          Object {
            "label": "Option A",
            "testID": undefined,
            "textColor": undefined,
            "value": "Option A",
          },
          Object {
            "label": "Option B",
            "testID": undefined,
            "textColor": undefined,
            "value": "Option B",
          },
          Object {
            "label": "Option C",
            "testID": undefined,
            "textColor": undefined,
            "value": "Option C",
          },
          Object {
            "label": "Option D",
            "testID": undefined,
            "textColor": undefined,
            "value": "Option D",
          },
          Object {
            "label": "Option E",
            "testID": undefined,
            "textColor": undefined,
            "value": "Option E",
          },
        ]
      }
      numberOfLines={1}
      onChange={[Function]}
      selectedIndex={0}
      style={
        Array [
          Object {
            "height": 216,
          },
          undefined,
        ]
      }
      testID="Picker"
    />
  </View>,
]
`;

exports[`choicesInput (RadioButtons) should render a list of choices as radio buttons 1`] = `
Array [
  <Text
    accessibilityHint="Single Choice - only one answer option can be selected."
    style={
      Object {
        "color": "#1F2532",
        "fontFamily": "IBMPlexSans-SemiBold",
        "fontSize": 32.8125,
        "lineHeight": 42.1875,
        "marginBottom": 5,
        "marginLeft": 0,
        "marginTop": 5,
      }
    }
  />,
  <View
    accessibilityRole="checkbox"
    accessibilityState={
      Object {
        "checked": false,
      }
    }
    accessible={true}
    collapsable={false}
    focusable={true}
    nativeID="animatedComponent"
    onClick={[Function]}
    onResponderGrant={[Function]}
    onResponderMove={[Function]}
    onResponderRelease={[Function]}
    onResponderTerminate={[Function]}
    onResponderTerminationRequest={[Function]}
    onStartShouldSetResponder={[Function]}
    style={
      Object {
        "backgroundColor": "transparent",
        "borderColor": "transparent",
        "borderRadius": 3,
        "borderWidth": 1,
        "margin": 0,
        "marginLeft": 0,
        "marginRight": 10,
        "opacity": 1,
        "padding": 10,
        "paddingLeft": 0,
        "paddingRight": 0,
      }
    }
    testID="checkbox"
  >
    <View
      style={
        Object {
          "alignItems": "center",
          "flexDirection": "row",
        }
      }
    >
      <Text
        allowFontScaling={false}
        onPress={[Function]}
        style={
          Array [
            Object {
              "color": "#919191",
              "fontSize": 24,
            },
            Object {
              "minWidth": 24,
            },
            Object {
              "fontFamily": "FontAwesome",
              "fontStyle": "normal",
              "fontWeight": "normal",
            },
            Object {},
          ]
        }
      >
        
      </Text>
      <Text
        style={
          Object {
            "color": "#1F2532",
            "fontFamily": "IBMPlexSans-SemiBold",
            "fontSize": 26.25,
            "fontWeight": "bold",
            "lineHeight": 35.625,
            "margin": 0,
            "marginLeft": 10,
            "marginRight": 10,
            "padding": 0,
          }
        }
        testID="checkboxTitle"
      >
        Option A
      </Text>
    </View>
  </View>,
  <View
    accessibilityRole="checkbox"
    accessibilityState={
      Object {
        "checked": false,
      }
    }
    accessible={true}
    collapsable={false}
    focusable={true}
    nativeID="animatedComponent"
    onClick={[Function]}
    onResponderGrant={[Function]}
    onResponderMove={[Function]}
    onResponderRelease={[Function]}
    onResponderTerminate={[Function]}
    onResponderTerminationRequest={[Function]}
    onStartShouldSetResponder={[Function]}
    style={
      Object {
        "backgroundColor": "transparent",
        "borderColor": "transparent",
        "borderRadius": 3,
        "borderWidth": 1,
        "margin": 0,
        "marginLeft": 0,
        "marginRight": 10,
        "opacity": 1,
        "padding": 10,
        "paddingLeft": 0,
        "paddingRight": 0,
      }
    }
    testID="checkbox"
  >
    <View
      style={
        Object {
          "alignItems": "center",
          "flexDirection": "row",
        }
      }
    >
      <Text
        allowFontScaling={false}
        onPress={[Function]}
        style={
          Array [
            Object {
              "color": "#919191",
              "fontSize": 24,
            },
            Object {
              "minWidth": 24,
            },
            Object {
              "fontFamily": "FontAwesome",
              "fontStyle": "normal",
              "fontWeight": "normal",
            },
            Object {},
          ]
        }
      >
        
      </Text>
      <Text
        style={
          Object {
            "color": "#1F2532",
            "fontFamily": "IBMPlexSans-SemiBold",
            "fontSize": 26.25,
            "fontWeight": "bold",
            "lineHeight": 35.625,
            "margin": 0,
            "marginLeft": 10,
            "marginRight": 10,
            "padding": 0,
          }
        }
        testID="checkboxTitle"
      >
        Option B
      </Text>
    </View>
  </View>,
  <View
    accessibilityRole="checkbox"
    accessibilityState={
      Object {
        "checked": false,
      }
    }
    accessible={true}
    collapsable={false}
    focusable={true}
    nativeID="animatedComponent"
    onClick={[Function]}
    onResponderGrant={[Function]}
    onResponderMove={[Function]}
    onResponderRelease={[Function]}
    onResponderTerminate={[Function]}
    onResponderTerminationRequest={[Function]}
    onStartShouldSetResponder={[Function]}
    style={
      Object {
        "backgroundColor": "transparent",
        "borderColor": "transparent",
        "borderRadius": 3,
        "borderWidth": 1,
        "margin": 0,
        "marginLeft": 0,
        "marginRight": 10,
        "opacity": 1,
        "padding": 10,
        "paddingLeft": 0,
        "paddingRight": 0,
      }
    }
    testID="checkbox"
  >
    <View
      style={
        Object {
          "alignItems": "center",
          "flexDirection": "row",
        }
      }
    >
      <Text
        allowFontScaling={false}
        onPress={[Function]}
        style={
          Array [
            Object {
              "color": "#919191",
              "fontSize": 24,
            },
            Object {
              "minWidth": 24,
            },
            Object {
              "fontFamily": "FontAwesome",
              "fontStyle": "normal",
              "fontWeight": "normal",
            },
            Object {},
          ]
        }
      >
        
      </Text>
      <Text
        style={
          Object {
            "color": "#1F2532",
            "fontFamily": "IBMPlexSans-SemiBold",
            "fontSize": 26.25,
            "fontWeight": "bold",
            "lineHeight": 35.625,
            "margin": 0,
            "marginLeft": 10,
            "marginRight": 10,
            "padding": 0,
          }
        }
        testID="checkboxTitle"
      >
        Option C
      </Text>
    </View>
  </View>,
  <View
    accessibilityRole="checkbox"
    accessibilityState={
      Object {
        "checked": false,
      }
    }
    accessible={true}
    collapsable={false}
    focusable={true}
    nativeID="animatedComponent"
    onClick={[Function]}
    onResponderGrant={[Function]}
    onResponderMove={[Function]}
    onResponderRelease={[Function]}
    onResponderTerminate={[Function]}
    onResponderTerminationRequest={[Function]}
    onStartShouldSetResponder={[Function]}
    style={
      Object {
        "backgroundColor": "transparent",
        "borderColor": "transparent",
        "borderRadius": 3,
        "borderWidth": 1,
        "margin": 0,
        "marginLeft": 0,
        "marginRight": 10,
        "opacity": 1,
        "padding": 10,
        "paddingLeft": 0,
        "paddingRight": 0,
      }
    }
    testID="checkbox"
  >
    <View
      style={
        Object {
          "alignItems": "center",
          "flexDirection": "row",
        }
      }
    >
      <Text
        allowFontScaling={false}
        onPress={[Function]}
        style={
          Array [
            Object {
              "color": "#919191",
              "fontSize": 24,
            },
            Object {
              "minWidth": 24,
            },
            Object {
              "fontFamily": "FontAwesome",
              "fontStyle": "normal",
              "fontWeight": "normal",
            },
            Object {},
          ]
        }
      >
        
      </Text>
      <Text
        style={
          Object {
            "color": "#1F2532",
            "fontFamily": "IBMPlexSans-SemiBold",
            "fontSize": 26.25,
            "fontWeight": "bold",
            "lineHeight": 35.625,
            "margin": 0,
            "marginLeft": 10,
            "marginRight": 10,
            "padding": 0,
          }
        }
        testID="checkboxTitle"
      >
        Option D
      </Text>
    </View>
  </View>,
  <View
    accessibilityRole="checkbox"
    accessibilityState={
      Object {
        "checked": false,
      }
    }
    accessible={true}
    collapsable={false}
    focusable={true}
    nativeID="animatedComponent"
    onClick={[Function]}
    onResponderGrant={[Function]}
    onResponderMove={[Function]}
    onResponderRelease={[Function]}
    onResponderTerminate={[Function]}
    onResponderTerminationRequest={[Function]}
    onStartShouldSetResponder={[Function]}
    style={
      Object {
        "backgroundColor": "transparent",
        "borderColor": "transparent",
        "borderRadius": 3,
        "borderWidth": 1,
        "margin": 0,
        "marginLeft": 0,
        "marginRight": 10,
        "opacity": 1,
        "padding": 10,
        "paddingLeft": 0,
        "paddingRight": 0,
      }
    }
    testID="checkbox"
  >
    <View
      style={
        Object {
          "alignItems": "center",
          "flexDirection": "row",
        }
      }
    >
      <Text
        allowFontScaling={false}
        onPress={[Function]}
        style={
          Array [
            Object {
              "color": "#919191",
              "fontSize": 24,
            },
            Object {
              "minWidth": 24,
            },
            Object {
              "fontFamily": "FontAwesome",
              "fontStyle": "normal",
              "fontWeight": "normal",
            },
            Object {},
          ]
        }
      >
        
      </Text>
      <Text
        style={
          Object {
            "color": "#1F2532",
            "fontFamily": "IBMPlexSans-SemiBold",
            "fontSize": 26.25,
            "fontWeight": "bold",
            "lineHeight": 35.625,
            "margin": 0,
            "marginLeft": 10,
            "marginRight": 10,
            "padding": 0,
          }
        }
        testID="checkboxTitle"
      >
        Option E
      </Text>
    </View>
  </View>,
]
`;
