// Jest Snapshot v1, https://goo.gl/fbAQLP

exports[`DateInput (Android/default) should render a dateInput element 1`] = `
<View
  style={
    Object {
      "marginBottom": 10,
    }
  }
>
  <Text
    style={
      Object {
        "color": "#1F2532",
        "fontFamily": "IBMPlexSans-SemiBold",
        "fontSize": 33.75,
        "lineHeight": 43.125,
        "marginBottom": 5,
        "marginTop": 5,
      }
    }
  >
    date
  </Text>
  <View
    accessible={true}
    collapsable={false}
    focusable={true}
    nativeID="animatedComponent"
    onClick={[Function]}
    onResponderGrant={[Function]}
    onResponderMove={[Function]}
    onResponderRelease={[Function]}
    onResponderTerminate={[Function]}
    onResponderTerminationRequest={[Function]}
    onStartShouldSetResponder={[Function]}
    style={
      Object {
        "opacity": 1,
      }
    }
    testID="overlay"
  >
    <View
      style={
        Object {
          "paddingHorizontal": 10,
          "width": "100%",
        }
      }
    >
      <View
        collapsable={false}
        nativeID="animatedComponent"
        style={
          Object {
            "alignItems": "center",
            "borderBottomWidth": 1,
            "borderColor": "#86939e",
            "flexDirection": "row",
            "transform": Array [
              Object {
                "translateX": 0,
              },
            ],
          }
        }
      >
        <View
          style={
            Object {
              "alignItems": "center",
              "height": 40,
              "justifyContent": "center",
              "marginVertical": 4,
              "paddingRight": 4,
            }
          }
        >
          <View
            style={
              Object {
                "overflow": "hidden",
              }
            }
          >
            <View>
              <View
                style={
                  Object {
                    "alignItems": "center",
                    "backgroundColor": "transparent",
                    "justifyContent": "center",
                  }
                }
              >
                <Text
                  allowFontScaling={false}
                  selectable={false}
                  style={
                    Array [
                      Object {
                        "color": "#242424",
                        "fontSize": 24,
                      },
                      Object {
                        "backgroundColor": "transparent",
                      },
                      Object {
                        "fontFamily": "FontAwesome",
                        "fontStyle": "normal",
                        "fontWeight": "normal",
                      },
                      Object {},
                    ]
                  }
                  testID="iconIcon"
                >
                  
                </Text>
              </View>
            </View>
          </View>
        </View>
        <TextInput
          editable={false}
          placeholderTextColor="#86939e"
          pointerEvents="none"
          style={
            Object {
              "color": "#242424",
              "flex": 1,
              "fontSize": 18,
              "minHeight": 40,
            }
          }
          testID="chosenDate"
          underlineColorAndroid="transparent"
          value={null}
        />
      </View>
      <Text
        style={
          Object {
            "color": "#ff190c",
            "fontSize": 12,
            "margin": 5,
          }
        }
      />
    </View>
  </View>
</View>
`;

exports[`DateInput (iOS) should render a dateInput element 1`] = `
<View
  style={
    Object {
      "marginBottom": 10,
    }
  }
>
  <Text
    style={
      Object {
        "color": "#1F2532",
        "fontFamily": "IBMPlexSans-SemiBold",
        "fontSize": 33.75,
        "lineHeight": 43.125,
        "marginBottom": 5,
        "marginTop": 5,
      }
    }
  >
    date
  </Text>
  <View
    accessible={true}
    collapsable={false}
    focusable={true}
    nativeID="animatedComponent"
    onClick={[Function]}
    onResponderGrant={[Function]}
    onResponderMove={[Function]}
    onResponderRelease={[Function]}
    onResponderTerminate={[Function]}
    onResponderTerminationRequest={[Function]}
    onStartShouldSetResponder={[Function]}
    style={
      Object {
        "opacity": 1,
      }
    }
    testID="overlay"
  >
    <View
      style={
        Object {
          "paddingHorizontal": 10,
          "width": "100%",
        }
      }
    >
      <View
        collapsable={false}
        nativeID="animatedComponent"
        style={
          Object {
            "alignItems": "center",
            "borderBottomWidth": 1,
            "borderColor": "#86939e",
            "flexDirection": "row",
            "transform": Array [
              Object {
                "translateX": 0,
              },
            ],
          }
        }
      >
        <View
          style={
            Object {
              "alignItems": "center",
              "height": 40,
              "justifyContent": "center",
              "marginVertical": 4,
              "paddingRight": 4,
            }
          }
        >
          <View
            style={
              Object {
                "overflow": "hidden",
              }
            }
          >
            <View>
              <View
                style={
                  Object {
                    "alignItems": "center",
                    "backgroundColor": "transparent",
                    "justifyContent": "center",
                  }
                }
              >
                <Text
                  allowFontScaling={false}
                  selectable={false}
                  style={
                    Array [
                      Object {
                        "color": "#242424",
                        "fontSize": 24,
                      },
                      Object {
                        "backgroundColor": "transparent",
                      },
                      Object {
                        "fontFamily": "FontAwesome",
                        "fontStyle": "normal",
                        "fontWeight": "normal",
                      },
                      Object {},
                    ]
                  }
                  testID="iconIcon"
                >
                  
                </Text>
              </View>
            </View>
          </View>
        </View>
        <TextInput
          editable={false}
          placeholderTextColor="#86939e"
          pointerEvents="none"
          style={
            Object {
              "color": "#242424",
              "flex": 1,
              "fontSize": 18,
              "minHeight": 40,
            }
          }
          testID="chosenDate"
          underlineColorAndroid="transparent"
          value={null}
        />
      </View>
      <Text
        style={
          Object {
            "color": "#ff190c",
            "fontSize": 12,
            "margin": 5,
          }
        }
      />
    </View>
  </View>
</View>
`;
